
Segment List
------------

c:\naivesdk\stm8s\examples\minimalblink.asm[37]  565-  583      8000 -     801F          flash  'flash'  [textdata]
c:\naivesdk\stm8s\examples\minimalblink.asm[7]    9-   99      5000 -     502C          unify  'unify'  [void]
c:\naivesdk\stm8s\examples\minimalblink.asm[8]  100-  112      505A -     505F          unify  'unify'  [void]
c:\naivesdk\stm8s\examples\minimalblink.asm[9]  113-  115      5062 -     5062          unify  'unify'  [void]
c:\naivesdk\stm8s\examples\minimalblink.asm[10]  116-  118      5064 -     5064          unify  'unify'  [void]
c:\naivesdk\stm8s\examples\minimalblink.asm[11]  119-  123      50A0 -     50A1          unify  'unify'  [void]
c:\naivesdk\stm8s\examples\minimalblink.asm[12]  124-  126      50B3 -     50B3          unify  'unify'  [void]
c:\naivesdk\stm8s\examples\minimalblink.asm[13]  127-  131      50C0 -     50C1          unify  'unify'  [void]
c:\naivesdk\stm8s\examples\minimalblink.asm[14]  132-  154      50C3 -     50CD          unify  'unify'  [void]
c:\naivesdk\stm8s\examples\minimalblink.asm[15]  155-  159      50D1 -     50D2          unify  'unify'  [void]
c:\naivesdk\stm8s\examples\minimalblink.asm[16]  160-  166      50E0 -     50E2          unify  'unify'  [void]
c:\naivesdk\stm8s\examples\minimalblink.asm[17]  167-  175      50F0 -     50F3          unify  'unify'  [void]
c:\naivesdk\stm8s\examples\minimalblink.asm[18]  176-  192      5200 -     5207          unify  'unify'  [void]
c:\naivesdk\stm8s\examples\minimalblink.asm[19]  193-  203      5210 -     5214          unify  'unify'  [void]
c:\naivesdk\stm8s\examples\minimalblink.asm[20]  204-  220      5216 -     521D          unify  'unify'  [void]
c:\naivesdk\stm8s\examples\minimalblink.asm[21]  221-  243      5230 -     523A          unify  'unify'  [void]
c:\naivesdk\stm8s\examples\minimalblink.asm[22]  244-  260      5240 -     5247          unify  'unify'  [void]
c:\naivesdk\stm8s\examples\minimalblink.asm[23]  261-  263      5249 -     5249          unify  'unify'  [void]
c:\naivesdk\stm8s\examples\minimalblink.asm[24]  264-  328      5250 -     526F          unify  'unify'  [void]
c:\naivesdk\stm8s\examples\minimalblink.asm[25]  329-  371      5300 -     5314          unify  'unify'  [void]
c:\naivesdk\stm8s\examples\minimalblink.asm[26]  372-  406      5320 -     5330          unify  'unify'  [void]
c:\naivesdk\stm8s\examples\minimalblink.asm[27]  407-  421      5340 -     5346          unify  'unify'  [void]
c:\naivesdk\stm8s\examples\minimalblink.asm[28]  422-  438      5400 -     5407          unify  'unify'  [void]
c:\naivesdk\stm8s\examples\minimalblink.asm[29]  439-  459      48CD -     48D8          unify  'unify'  [void]
c:\naivesdk\stm8s\examples\minimalblink.asm[30]  460-  490      4800 -     480E          unify  'unify'  [void]
c:\naivesdk\stm8s\examples\minimalblink.asm[31]  491-  495      487E -     487F          unify  'unify'  [void]
c:\naivesdk\stm8s\examples\minimalblink.asm[32]  496-  518      7F00 -     7F0A          unify  'unify'  [void]
c:\naivesdk\stm8s\examples\minimalblink.asm[33]  519-  521      7F60 -     7F60          unify  'unify'  [void]
c:\naivesdk\stm8s\examples\minimalblink.asm[34]  522-  538      7F70 -     7F77          unify  'unify'  [void]
c:\naivesdk\stm8s\examples\minimalblink.asm[35]  539-  541      7F80 -     7F80          unify  'unify'  [void]
c:\naivesdk\stm8s\examples\minimalblink.asm[36]  542-  564      7F90 -     7F9A          unify  'unify'  [void]


Class List
----------

0 '         reg'   para from        0 to FFFFFFFF (lim       FF) =  0% V
0 '         ram'   para from      100 to       FF (lim     17FF) =  0% V
0 '      eeprom'   para from     4000 to     3FFF (lim     45FF) =  0% V
0 '       flash'   para from     8000 to     801F (lim     FFFF) =  0% CS
0 '     hiflash'   para from    10000 to     FFFF (lim    17FFF) =  0% V
0 '       unify'   para from     5000 to     7F9A (lim     FFFF) = 27% D



External Label list
-------------------

Symbol Name                       Value     Scope  Def(line)


0 labels
